../Core/Src/main.c:62:6:set_time	24	static
../Core/Src/main.c:87:6:set_alarm	24	static
../Core/Src/main.c:105:6:display_time	64	static
../Core/Src/main.c:122:6:HAL_RTC_AlarmAEventCallback	16	static
../Core/Src/main.c:126:6:ring_alarm	24	static
../Core/Src/main.c:174:6:display_alarm_time	64	static
../Core/Src/main.c:193:5:main	8	static
../Core/Src/main.c:248:6:SystemClock_Config	96	static
../Core/Src/main.c:293:13:MX_RTC_Init	24	static
../Core/Src/main.c:363:13:MX_GPIO_Init	40	static
../Core/Src/main.c:412:13:MX_FSMC_Init	40	static
../Core/Src/main.c:476:6:Error_Handler	4	static,ignoring_inline_asm
