../Core/Src/main.c:85:6:set_time	24	static
../Core/Src/main.c:110:6:set_alarm	24	static
../Core/Src/main.c:128:6:display_time	64	static
../Core/Src/main.c:145:6:HAL_RTC_AlarmAEventCallback	16	static
../Core/Src/main.c:149:6:ring_alarm	24	static
../Core/Src/main.c:197:6:display_alarm_time	64	static
../Core/Src/main.c:216:5:main	16	static
../Core/Src/main.c:307:6:SystemClock_Config	96	static
../Core/Src/main.c:355:13:MX_RTC_Init	24	static
../Core/Src/main.c:425:13:MX_TIM2_Init	64	static
../Core/Src/main.c:484:13:MX_TIM3_Init	64	static
../Core/Src/main.c:543:13:MX_USART3_UART_Init	8	static
../Core/Src/main.c:576:13:MX_GPIO_Init	48	static
../Core/Src/main.c:663:13:MX_FSMC_Init	40	static
../Core/Src/main.c:720:6:user_pwm_setvalue	56	static
../Core/Src/main.c:738:6:Error_Handler	4	static,ignoring_inline_asm
