../Core/Src/stm32f1xx_hal_msp.c:65:6:HAL_MspInit	24	static
../Core/Src/stm32f1xx_hal_msp.c:91:6:HAL_RTC_MspInit	24	static
../Core/Src/stm32f1xx_hal_msp.c:119:6:HAL_RTC_MspDeInit	16	static
../Core/Src/stm32f1xx_hal_msp.c:144:6:HAL_TIM_Base_MspInit	24	static
../Core/Src/stm32f1xx_hal_msp.c:171:6:HAL_TIM_MspPostInit	40	static
../Core/Src/stm32f1xx_hal_msp.c:219:6:HAL_TIM_Base_MspDeInit	16	static
../Core/Src/stm32f1xx_hal_msp.c:252:6:HAL_UART_MspInit	40	static
../Core/Src/stm32f1xx_hal_msp.c:294:6:HAL_UART_MspDeInit	16	static
../Core/Src/stm32f1xx_hal_msp.c:321:13:HAL_FSMC_MspInit	32	static
../Core/Src/stm32f1xx_hal_msp.c:375:6:HAL_SRAM_MspInit	16	static
../Core/Src/stm32f1xx_hal_msp.c:387:13:HAL_FSMC_MspDeInit	8	static
../Core/Src/stm32f1xx_hal_msp.c:433:6:HAL_SRAM_MspDeInit	16	static
